
$ docker run --rm hello-world 
Unable to find image 'hello-world:latest' locally
latest: Pulling from library/hello-world
4f55086f7dd0: Pulling fs layer
4f55086f7dd0: Download complete
4f55086f7dd0: Pull complete
d5e71e642bf5: Download complete
Digest: sha256:5dd0d3e6e255913fc30f90b9f2b1d359cc2cbdb48090cc4b65f1676e203243cc
Status: Downloaded newer image for hello-world:latest

Hello from Docker!
This message shows that your installation appears to be working correctly.

To generate this message, Docker took the following steps:
 1. The Docker client contacted the Docker daemon.
 2. The Docker daemon pulled the "hello-world" image from the Docker Hub.
    (amd64)
 3. The Docker daemon created a new container from that image which runs the
    executable that produces the output you are currently reading.
 4. The Docker daemon streamed that output to the Docker client, which sent it
    to your terminal.

To try something more ambitious, you can run an Ubuntu container with:
 $ docker run -it ubuntu bash

Share images, automate workflows, and more with a free Docker ID:
 https://hub.docker.com/

For more examples and ideas, visit:
 https://docs.docker.com/get-started/


$ docker pull nginx:alpine 
alpine: Pulling from library/nginx
1ed8e39a7434: Pulling fs layer
0ea935727878: Pulling fs layer
fb597529c916: Pulling fs layer
0d62d88506ba: Pulling fs layer
8cdfe4f23778: Pulling fs layer
da4dea1b00af: Pulling fs layer
d94291c26261: Pulling fs layer
55afa1ecc21d: Pulling fs layer
0ea935727878: Download complete
1ed8e39a7434: Download complete
0d62d88506ba: Download complete
8cdfe4f23778: Download complete
d94291c26261: Download complete
55afa1ecc21d: Download complete
da4dea1b00af: Download complete
fb597529c916: Download complete
55afa1ecc21d: Pull complete
d94291c26261: Pull complete
43aeb74b2469: Download complete
76cd5dde9375: Download complete
0ea935727878: Pull complete
1ed8e39a7434: Pull complete
0d62d88506ba: Pull complete
8cdfe4f23778: Pull complete
da4dea1b00af: Pull complete
fb597529c916: Pull complete
Digest: sha256:db35bfc6b2951e7f8a72db5db120288c127ffaeeb4a6d4b95a26fead017d5913
Status: Downloaded newer image for nginx:alpine
docker.io/library/nginx:alpine

$ docker images 
WARNING: This output is designed for human readability. For machine-readable output, please use --format.
IMAGE                ID             DISK USAGE   CONTENT SIZE   EXTRA
hello-world:latest   5dd0d3e6e255       21.8kB         9.49kB        
nginx:alpine         db35bfc6b295       95.4MB         27.2MB        
ubuntu:24.04         33ceb71981b6        117MB         31.7MB        

$ docker ps 
CONTAINER ID   IMAGE     COMMAND   CREATED   STATUS    PORTS     NAMES

$ docker ps -a 
CONTAINER ID   IMAGE     COMMAND   CREATED   STATUS    PORTS     NAMES
