
$ docker build -t codyssey-e1-1-web:1.0 . 
#0 building with "orbstack" instance using docker driver

#1 [internal] load build definition from Dockerfile
#1 transferring dockerfile:
#1 transferring dockerfile: 354B done
#1 DONE 0.3s

#2 [internal] load metadata for docker.io/library/nginx:alpine
#2 DONE 0.1s

#3 [internal] load .dockerignore
#3 transferring context:
#3 transferring context: 2B done
#3 DONE 0.2s

#4 [1/2] FROM docker.io/library/nginx:alpine@sha256:db35bfc6b2951e7f8a72db5db120288c127ffaeeb4a6d4b95a26fead017d5913
#4 resolve docker.io/library/nginx:alpine@sha256:db35bfc6b2951e7f8a72db5db120288c127ffaeeb4a6d4b95a26fead017d5913
#4 ...

#5 [internal] load build context
#5 transferring context: 468B done
#5 DONE 0.3s

#4 [1/2] FROM docker.io/library/nginx:alpine@sha256:db35bfc6b2951e7f8a72db5db120288c127ffaeeb4a6d4b95a26fead017d5913
#4 resolve docker.io/library/nginx:alpine@sha256:db35bfc6b2951e7f8a72db5db120288c127ffaeeb4a6d4b95a26fead017d5913 0.2s done
#4 DONE 1.1s

#6 [2/2] COPY site/ /usr/share/nginx/html/
#6 DONE 0.2s

#7 exporting to image
#7 exporting layers
#7 exporting layers 0.5s done
#7 exporting manifest sha256:d68ef03b19f83e0c3b4ae485358ab88c288ba0ab54f3785169bd4fa370395943
#7 exporting manifest sha256:d68ef03b19f83e0c3b4ae485358ab88c288ba0ab54f3785169bd4fa370395943 0.0s done
#7 exporting config sha256:c13f8c150558b0f8b291a46280eb6d0f79b7e02ba6da4b3750ad69b09489f6ee 0.1s done
#7 exporting attestation manifest sha256:b05d07b9eb19811538641e30b09530b8bba8534141a0587bcfe2224e3c4d5b35 0.1s done
#7 exporting manifest list sha256:0495219dcf03255a1bc7c40724f4692fcbe0ccb6486942061c93dcc5399c5247
#7 exporting manifest list sha256:0495219dcf03255a1bc7c40724f4692fcbe0ccb6486942061c93dcc5399c5247 0.1s done
#7 naming to docker.io/library/codyssey-e1-1-web:1.0 0.0s done
#7 unpacking to docker.io/library/codyssey-e1-1-web:1.0 0.1s done
#7 DONE 1.0s

$ docker run -d --name e1-web -p 8080:80 codyssey-e1-1-web:1.0 
f7029ba3067608dd02c2f30ec4204434c738726d36ba663590985070ad09e6f7

$ curl -fsS http://localhost:8080 
<!doctype html>
<html lang="ko">
<head>
  <meta charset="utf-8">
  <meta name="viewport" content="width=device-width, initial-scale=1">
  <title>Codyssey E1-1</title>
</head>
<body>
  <h1>Codyssey E1-1</h1>
  <p>NGINX 웹 서버가 Docker 컨테이너에서 정상 실행 중입니다.</p>
  <p>NGINX = Engine-X, 정적 파일을 제공하는 Web Server(웹 서버)입니다.</p>
</body>
</html>

$ docker logs e1-web 
/docker-entrypoint.sh: /docker-entrypoint.d/ is not empty, will attempt to perform configuration
/docker-entrypoint.sh: Looking for shell scripts in /docker-entrypoint.d/
/docker-entrypoint.sh: Launching /docker-entrypoint.d/10-listen-on-ipv6-by-default.sh
10-listen-on-ipv6-by-default.sh: info: Getting the checksum of /etc/nginx/conf.d/default.conf
10-listen-on-ipv6-by-default.sh: info: Enabled listen on IPv6 in /etc/nginx/conf.d/default.conf
/docker-entrypoint.sh: Sourcing /docker-entrypoint.d/15-local-resolvers.envsh
/docker-entrypoint.sh: Launching /docker-entrypoint.d/20-envsubst-on-templates.sh
/docker-entrypoint.sh: Launching /docker-entrypoint.d/30-tune-worker-processes.sh
/docker-entrypoint.sh: Configuration complete; ready for start up
2026/08/20 13:24:02 [notice] 1#1: using the "epoll" event method
2026/08/20 13:24:02 [notice] 1#1: nginx/1.31.4
2026/08/20 13:24:02 [notice] 1#1: built by gcc 15.2.0 (Alpine 15.2.0) 
2026/08/20 13:24:02 [notice] 1#1: OS: Linux 7.0.11-orbstack-00360-gc9bc4d96ac70
2026/08/20 13:24:02 [notice] 1#1: getrlimit(RLIMIT_NOFILE): 20480:1048576
2026/08/20 13:24:02 [notice] 1#1: start worker processes
2026/08/20 13:24:02 [notice] 1#1: start worker process 30
2026/08/20 13:24:02 [notice] 1#1: start worker process 31
2026/08/20 13:24:02 [notice] 1#1: start worker process 32
2026/08/20 13:24:02 [notice] 1#1: start worker process 33
2026/08/20 13:24:02 [notice] 1#1: start worker process 34
2026/08/20 13:24:02 [notice] 1#1: start worker process 35
192.168.215.1 - - [20/Aug/2026:13:24:03 +0000] "GET / HTTP/1.1" 200 396 "-" "curl/8.7.1" "-"

$ docker stats --no-stream e1-web 
CONTAINER ID   NAME      CPU %     MEM USAGE / LIMIT     MEM %     NET I/O           BLOCK I/O       PIDS
f7029ba30676   e1-web    0.00%     5.977MiB / 15.69GiB   0.04%     1.72kB / 1.14kB   4.1kB / 4.1kB   7
